42.119.235.155 - - [17/Nov/2014:05:36:12 +0700] "GET /images/stories/sup111.jpg HTTP/1.0" 200 23665 "http://bongbongtrangtri.com/" "Mozilla/5.0 (Windows NT 6.1) AppleWebKit/537.36 (KHTML, like Gecko) Chrome/38.0.2125.111 Safari/537.36"
123.30.175.216 - - [17/Nov/2014:05:36:12 +0700] "GET /cong-bong-bong-tiec-cuoi/bong-bong-loi-di-tiec-cuoi/bong-bong-l-i-di-016-detail/recommend?tmpl=component HTTP/1.0" 200 54450 "-" "Mozilla/5.0 (compatible; coccoc/1.0; +http://help.coccoc.com/)"
42.119.235.155 - - [17/Nov/2014:05:36:13 +0700] "GET /templates/ot_naturalcosmetics/images/body_bg.png HTTP/1.0" 200 1019 "http://bongbongtrangtri.com/templates/ot_naturalcosmetics/css/preset-style-1.css" "Mozilla/5.0 (Windows NT 6.1) AppleWebKit/537.36 (KHTML, like Gecko) Chrome/38.0.2125.111 Safari/537.36"
42.119.235.155 - - [17/Nov/2014:05:36:13 +0700] "GET /templates/ot_naturalcosmetics/images/top_bg.png HTTP/1.0" 200 70960 "http://bongbongtrangtri.com/templates/ot_naturalcosmetics/css/preset-style-1.css" "Mozilla/5.0 (Windows NT 6.1) AppleWebKit/537.36 (KHTML, like Gecko) Chrome/38.0.2125.111 Safari/537.36"
42.119.235.155 - - [17/Nov/2014:05:36:13 +0700] "GET /images/stories/sup222.jpg HTTP/1.0" 200 9115 "http://bongbongtrangtri.com/" "Mozilla/5.0 (Windows NT 6.1) AppleWebKit/537.36 (KHTML, like Gecko) Chrome/38.0.2125.111 Safari/537.36"
42.119.235.155 - - [17/Nov/2014:05:36:13 +0700] "GET /templates/ot_naturalcosmetics/images/sep_menu.png HTTP/1.0" 200 2062 "http://bongbongtrangtri.com/templates/ot_naturalcosmetics/css/preset-style-1.css" "Mozilla/5.0 (Windows NT 6.1) AppleWebKit/537.36 (KHTML, like Gecko) Chrome/38.0.2125.111 Safari/537.36"
42.119.235.155 - - [17/Nov/2014:05:36:13 +0700] "GET /images/icon_hotline-HD.gif HTTP/1.0" 200 19923 "http://bongbongtrangtri.com/" "Mozilla/5.0 (Windows NT 6.1) AppleWebKit/537.36 (KHTML, like Gecko) Chrome/38.0.2125.111 Safari/537.36"
42.119.235.155 - - [17/Nov/2014:05:36:13 +0700] "GET /images/Bong%20bng%20trang%20tr%20tic%20ci%20008.jpg HTTP/1.0" 200 184388 "http://bongbongtrangtri.com/" "Mozilla/5.0 (Windows NT 6.1) AppleWebKit/537.36 (KHTML, like Gecko) Chrome/38.0.2125.111 Safari/537.36"
42.119.235.155 - - [17/Nov/2014:05:36:13 +0700] "GET /images/Bong%20bng%20to%20hnh%20CD-CR%20001.jpg HTTP/1.0" 200 100085 "http://bongbongtrangtri.com/" "Mozilla/5.0 (Windows NT 6.1) AppleWebKit/537.36 (KHTML, like Gecko) Chrome/38.0.2125.111 Safari/537.36"
42.119.235.155 - - [17/Nov/2014:05:36:13 +0700] "GET /images/ri-hoi-1-chan_200x200.jpg HTTP/1.0" 200 15594 "http://bongbongtrangtri.com/" "Mozilla/5.0 (Windows NT 6.1) AppleWebKit/537.36 (KHTML, like Gecko) Chrome/38.0.2125.111 Safari/537.36"
42.119.235.155 - - [17/Nov/2014:05:36:13 +0700] "GET /images/bong-bong-kin-ch-a-vang-dng.jpg HTTP/1.0" 200 19316 "http://bongbongtrangtri.com/" "Mozilla/5.0 (Windows NT 6.1) AppleWebKit/537.36 (KHTML, like Gecko) Chrome/38.0.2125.111 Safari/537.36"
42.119.235.155 - - [17/Nov/2014:05:36:13 +0700] "GET /images/c-day-sinh-nht-013.jpg HTTP/1.0" 200 81163 "http://bongbongtrangtri.com/" "Mozilla/5.0 (Windows NT 6.1) AppleWebKit/537.36 (KHTML, like Gecko) Chrome/38.0.2125.111 Safari/537.36"
42.119.235.155 - - [17/Nov/2014:05:36:13 +0700] "GET /images/stories/virtuemart/product/resized/bong-bong-bay-025_400x400.jpg HTTP/1.0" 200 43649 "http://bongbongtrangtri.com/" "Mozilla/5.0 (Windows NT 6.1) AppleWebKit/537.36 (KHTML, like Gecko) Chrome/38.0.2125.111 Safari/537.36"
42.119.235.155 - - [17/Nov/2014:05:36:13 +0700] "GET /images/stories/virtuemart/product/resized/chu-h%e1%bb%81-qu%e1%ba%a3n-tro_400x400.jpg HTTP/1.0" 200 35453 "http://bongbongtrangtri.com/" "Mozilla/5.0 (Windows NT 6.1) AppleWebKit/537.36 (KHTML, like Gecko) Chrome/38.0.2125.111 Safari/537.36"
42.119.235.155 - - [17/Nov/2014:05:36:13 +0700] "GET /images/stories/virtuemart/product/resized/bong-bong-sinh-nh%e1%ba%adt-031_400x400.jpg HTTP/1.0" 200 50138 "http://bongbongtrangtri.com/" "Mozilla/5.0 (Windows NT 6.1) AppleWebKit/537.36 (KHTML, like Gecko) Chrome/38.0.2125.111 Safari/537.36"
123.30.175.216 - - [17/Nov/2014:05:36:13 +0700] "GET /cong-bong-bong-tiec-cuoi/bong-bong-san-khau-tiec-cuoi/bong-bong-san-kh-u-tc-002-detail/recommend?tmpl=component HTTP/1.0" 200 55302 "-" "Mozilla/5.0 (compatible; coccoc/1.0; +http://help.coccoc.com/)"
42.119.235.155 - - [17/Nov/2014:05:36:13 +0700] "GET /images/stories/virtuemart/product/resized/khinh-khi-c%e1%ba%a7u-016_400x400.jpg HTTP/1.0" 200 30380 "http://bongbongtrangtri.com/" "Mozilla/5.0 (Windows NT 6.1) AppleWebKit/537.36 (KHTML, like Gecko) Chrome/38.0.2125.111 Safari/537.36"
42.119.235.155 - - [17/Nov/2014:05:36:14 +0700] "GET /images/stories/virtuemart/product/resized/dsc00856_400x400.jpg HTTP/1.0" 200 38235 "http://bongbongtrangtri.com/" "Mozilla/5.0 (Windows NT 6.1) AppleWebKit/537.36 (KHTML, like Gecko) Chrome/38.0.2125.111 Safari/537.36"
42.119.235.155 - - [17/Nov/2014:05:36:14 +0700] "GET /images/icon_m1.png HTTP/1.0" 200 797 "http://bongbongtrangtri.com/templates/ot_naturalcosmetics/css/template.css" "Mozilla/5.0 (Windows NT 6.1) AppleWebKit/537.36 (KHTML, like Gecko) Chrome/38.0.2125.111 Safari/537.36"
42.119.235.155 - - [17/Nov/2014:05:36:14 +0700] "GET /templates/ot_naturalcosmetics/images/title_bg.png HTTP/1.0" 200 1128 "http://bongbongtrangtri.com/templates/ot_naturalcosmetics/css/preset-style-1.css" "Mozilla/5.0 (Windows NT 6.1) AppleWebKit/537.36 (KHTML, like Gecko) Chrome/38.0.2125.111 Safari/537.36"
42.119.235.155 - - [17/Nov/2014:05:36:14 +0700] "GET /images/stories/sup333.jpg HTTP/1.0" 200 10841 "http://bongbongtrangtri.com/" "Mozilla/5.0 (Windows NT 6.1) AppleWebKit/537.36 (KHTML, like Gecko) Chrome/38.0.2125.111 Safari/537.36"
42.119.235.155 - - [17/Nov/2014:05:36:14 +0700] "GET /images/stories/virtuemart/product/resized/%e1%ba%a3o-thu%e1%ba%adt_400x400.jpg HTTP/1.0" 200 32654 "http://bongbongtrangtri.com/" "Mozilla/5.0 (Windows NT 6.1) AppleWebKit/537.36 (KHTML, like Gecko) Chrome/38.0.2125.111 Safari/537.36"
42.119.235.155 - - [17/Nov/2014:05:36:14 +0700] "GET /images/stories/virtuemart/product/resized/c%e1%bb%95ng-bong-bong-025_400x400.jpg HTTP/1.0" 200 49922 "http://bongbongtrangtri.com/" "Mozilla/5.0 (Windows NT 6.1) AppleWebKit/537.36 (KHTML, like Gecko) Chrome/38.0.2125.111 Safari/537.36"
42.119.235.155 - - [17/Nov/2014:05:36:14 +0700] "GET /images/stories/virtuemart/product/resized/bong-bong-sinh-nh%e1%ba%adt-sk-031_400x400.jpg HTTP/1.0" 200 34768 "http://bongbongtrangtri.com/" "Mozilla/5.0 (Windows NT 6.1) AppleWebKit/537.36 (KHTML, like Gecko) Chrome/38.0.2125.111 Safari/537.36"
42.119.235.155 - - [17/Nov/2014:05:36:14 +0700] "GET /images/stories/virtuemart/product/resized/cong-chao-event-0283_400x400.jpg HTTP/1.0" 200 33726 "http://bongbongtrangtri.com/" "Mozilla/5.0 (Windows NT 6.1) AppleWebKit/537.36 (KHTML, like Gecko) Chrome/38.0.2125.111 Safari/537.36"
42.119.235.155 - - [17/Nov/2014:05:36:14 +0700] "GET /images/stories/virtuemart/product/resized/bong-bong-sinh-nh%e1%ba%adt-sk-0107_400x400.jpg HTTP/1.0" 200 42192 "http://bongbongtrangtri.com/" "Mozilla/5.0 (Windows NT 6.1) AppleWebKit/537.36 (KHTML, like Gecko) Chrome/38.0.2125.111 Safari/537.36"
42.119.235.155 - - [17/Nov/2014:05:36:14 +0700] "GET /images/stories/virtuemart/product/resized/bong-bong-in-logo-022_400x400.jpg HTTP/1.0" 200 18950 "http://bongbongtrangtri.com/" "Mozilla/5.0 (Windows NT 6.1) AppleWebKit/537.36 (KHTML, like Gecko) Chrome/38.0.2125.111 Safari/537.36"
42.119.235.155 - - [17/Nov/2014:05:36:14 +0700] "GET /images/stories/virtuemart/product/resized/bong-bong-t%e1%ba%a1o-ch%e1%bb%af-014_400x400.jpg HTTP/1.0" 200 49163 "http://bongbongtrangtri.com/" "Mozilla/5.0 (Windows NT 6.1) AppleWebKit/537.36 (KHTML, like Gecko) Chrome/38.0.2125.111 Safari/537.36"
42.119.235.155 - - [17/Nov/2014:05:36:14 +0700] "GET /images/stories/virtuemart/product/resized/bong-bong-sinh-nh%e1%ba%adt-003_400x400.jpg HTTP/1.0" 200 33700 "http://bongbongtrangtri.com/" "Mozilla/5.0 (Windows NT 6.1) AppleWebKit/537.36 (KHTML, like Gecko) Chrome/38.0.2125.111 Safari/537.36"
123.30.175.216 - - [17/Nov/2014:05:36:14 +0700] "GET /cong-bong-bong-tiec-cuoi/bong-bong-san-khau-tiec-cuoi/bong-bong-san-kh-u-tc-010-detail/recommend?tmpl=component HTTP/1.0" 200 55302 "-" "Mozilla/5.0 (compatible; coccoc/1.0; +http://help.coccoc.com/)"
42.119.235.155 - - [17/Nov/2014:05:36:14 +0700] "GET /images/stories/virtuemart/product/resized/bong-bong-san-kh%e1%ba%a5u-tc-0191_400x400.jpg HTTP/1.0" 200 29501 "http://bongbongtrangtri.com/" "Mozilla/5.0 (Windows NT 6.1) AppleWebKit/537.36 (KHTML, like Gecko) Chrome/38.0.2125.111 Safari/537.36"
42.119.235.155 - - [17/Nov/2014:05:36:14 +0700] "GET /images/stories/virtuemart/product/resized/bong-bong-sinh-nh%e1%ba%adt-sk-032_400x400.jpg HTTP/1.0" 200 40136 "http://bongbongtrangtri.com/" "Mozilla/5.0 (Windows NT 6.1) AppleWebKit/537.36 (KHTML, like Gecko) Chrome/38.0.2125.111 Safari/537.36"
42.119.235.155 - - [17/Nov/2014:05:36:15 +0700] "GET /images/stories/virtuemart/product/resized/c%e1%bb%95ng-bong-bong-030_400x400.jpg HTTP/1.0" 200 53498 "http://bongbongtrangtri.com/" "Mozilla/5.0 (Windows NT 6.1) AppleWebKit/537.36 (KHTML, like Gecko) Chrome/38.0.2125.111 Safari/537.36"
42.119.235.155 - - [17/Nov/2014:05:36:15 +0700] "GET /images/stories/virtuemart/product/resized/bong-bong-cd-cr-004_400x400.jpg HTTP/1.0" 200 45732 "http://bongbongtrangtri.com/" "Mozilla/5.0 (Windows NT 6.1) AppleWebKit/537.36 (KHTML, like Gecko) Chrome/38.0.2125.111 Safari/537.36"
42.119.235.155 - - [17/Nov/2014:05:36:15 +0700] "GET /images/stories/virtuemart/product/resized/b%e1%bb%a9c-tu%e1%bb%9dng-bong-bong-005_400x400.jpg HTTP/1.0" 200 35973 "http://bongbongtrangtri.com/" "Mozilla/5.0 (Windows NT 6.1) AppleWebKit/537.36 (KHTML, like Gecko) Chrome/38.0.2125.111 Safari/537.36"
42.119.235.155 - - [17/Nov/2014:05:36:15 +0700] "GET /images/stories/virtuemart/product/resized/7241_582522635106221_602600220_n_400x400.jpg HTTP/1.0" 200 48707 "http://bongbongtrangtri.com/" "Mozilla/5.0 (Windows NT 6.1) AppleWebKit/537.36 (KHTML, like Gecko) Chrome/38.0.2125.111 Safari/537.36"
42.119.235.155 - - [17/Nov/2014:05:36:15 +0700] "GET /images/stories/virtuemart/product/resized/bong-bong-cd-cr-002_400x400.jpg HTTP/1.0" 200 35208 "http://bongbongtrangtri.com/" "Mozilla/5.0 (Windows NT 6.1) AppleWebKit/537.36 (KHTML, like Gecko) Chrome/38.0.2125.111 Safari/537.36"
42.119.235.155 - - [17/Nov/2014:05:36:15 +0700] "GET /images/stories/virtuemart/product/resized/bong-bong-bay-007_400x400.jpg HTTP/1.0" 200 27831 "http://bongbongtrangtri.com/" "Mozilla/5.0 (Windows NT 6.1) AppleWebKit/537.36 (KHTML, like Gecko) Chrome/38.0.2125.111 Safari/537.36"
42.119.235.155 - - [17/Nov/2014:05:36:15 +0700] "GET /images/time-hD-1.gif HTTP/1.0" 200 4104 "http://bongbongtrangtri.com/" "Mozilla/5.0 (Windows NT 6.1) AppleWebKit/537.36 (KHTML, like Gecko) Chrome/38.0.2125.111 Safari/537.36"
42.119.235.155 - - [17/Nov/2014:05:36:15 +0700] "GET /images/stories/virtuemart/product/resized/bong-bong-l%e1%bb%91i-di-003_400x400.jpg HTTP/1.0" 200 42739 "http://bongbongtrangtri.com/" "Mozilla/5.0 (Windows NT 6.1) AppleWebKit/537.36 (KHTML, like Gecko) Chrome/38.0.2125.111 Safari/537.36"
42.119.235.155 - - [17/Nov/2014:05:36:15 +0700] "GET /images/stories/virtuemart/product/resized/c%e1%bb%95ng-cu%e1%bb%9bi-014_400x400.jpg HTTP/1.0" 200 37955 "http://bongbongtrangtri.com/" "Mozilla/5.0 (Windows NT 6.1) AppleWebKit/537.36 (KHTML, like Gecko) Chrome/38.0.2125.111 Safari/537.36"
42.119.235.155 - - [17/Nov/2014:05:36:15 +0700] "GET /images/stories/virtuemart/product/resized/bong-bong-l%e1%bb%91i-di-025_400x400.jpg HTTP/1.0" 200 37217 "http://bongbongtrangtri.com/" "Mozilla/5.0 (Windows NT 6.1) AppleWebKit/537.36 (KHTML, like Gecko) Chrome/38.0.2125.111 Safari/537.36"
42.119.235.155 - - [17/Nov/2014:05:36:15 +0700] "GET /images/demo/letter.png HTTP/1.0" 200 2856 "http://bongbongtrangtri.com/" "Mozilla/5.0 (Windows NT 6.1) AppleWebKit/537.36 (KHTML, like Gecko) Chrome/38.0.2125.111 Safari/537.36"
42.119.235.155 - - [17/Nov/2014:05:36:15 +0700] "GET /images/demo/phone.png HTTP/1.0" 200 4486 "http://bongbongtrangtri.com/" "Mozilla/5.0 (Windows NT 6.1) AppleWebKit/537.36 (KHTML, like Gecko) Chrome/38.0.2125.111 Safari/537.36"
123.30.175.216 - - [17/Nov/2014:05:36:15 +0700] "GET /cong-bong-bong-tiec-cuoi/bong-bong-san-khau-tiec-cuoi/bong-bong-san-kh-u-tc-013-detail/recommend?tmpl=component HTTP/1.0" 200 55302 "-" "Mozilla/5.0 (compatible; coccoc/1.0; +http://help.coccoc.com/)"
42.119.235.155 - - [17/Nov/2014:05:36:15 +0700] "GET /images/demo/gotop.png HTTP/1.0" 200 4867 "http://bongbongtrangtri.com/" "Mozilla/5.0 (Windows NT 6.1) AppleWebKit/537.36 (KHTML, like Gecko) Chrome/38.0.2125.111 Safari/537.36"
42.119.235.155 - - [17/Nov/2014:05:36:15 +0700] "GET /images/demo/social_bg.png HTTP/1.0" 200 17346 "http://bongbongtrangtri.com/" "Mozilla/5.0 (Windows NT 6.1) AppleWebKit/537.36 (KHTML, like Gecko) Chrome/38.0.2125.111 Safari/537.36"
42.119.235.155 - - [17/Nov/2014:05:36:16 +0700] "GET /images/demo/facebook.png HTTP/1.0" 200 1182 "http://bongbongtrangtri.com/" "Mozilla/5.0 (Windows NT 6.1) AppleWebKit/537.36 (KHTML, like Gecko) Chrome/38.0.2125.111 Safari/537.36"
42.119.235.155 - - [17/Nov/2014:05:36:16 +0700] "GET /images/demo/tweet.png HTTP/1.0" 200 1408 "http://bongbongtrangtri.com/" "Mozilla/5.0 (Windows NT 6.1) AppleWebKit/537.36 (KHTML, like Gecko) Chrome/38.0.2125.111 Safari/537.36"
42.119.235.155 - - [17/Nov/2014:05:36:16 +0700] "GET /images/demo/google.png HTTP/1.0" 200 1528 "http://bongbongtrangtri.com/" "Mozilla/5.0 (Windows NT 6.1) AppleWebKit/537.36 (KHTML, like Gecko) Chrome/38.0.2125.111 Safari/537.36"
42.119.235.155 - - [17/Nov/2014:05:36:16 +0700] "GET /images/demo/linkedin.png HTTP/1.0" 200 1313 "http://bongbongtrangtri.com/" "Mozilla/5.0 (Windows NT 6.1) AppleWebKit/537.36 (KHTML, like Gecko) Chrome/38.0.2125.111 Safari/537.36"
42.119.235.155 - - [17/Nov/2014:05:36:16 +0700] "GET /images/demo/pinterest.png HTTP/1.0" 200 1671 "http://bongbongtrangtri.com/" "Mozilla/5.0 (Windows NT 6.1) AppleWebKit/537.36 (KHTML, like Gecko) Chrome/38.0.2125.111 Safari/537.36"
42.119.235.155 - - [17/Nov/2014:05:36:16 +0700] "GET /images/demo/social_bg2.png HTTP/1.0" 200 10658 "http://bongbongtrangtri.com/" "Mozilla/5.0 (Windows NT 6.1) AppleWebKit/537.36 (KHTML, like Gecko) Chrome/38.0.2125.111 Safari/537.36"
42.119.235.155 - - [17/Nov/2014:05:36:16 +0700] "GET /templates/ot_naturalcosmetics/images/add_cart_bg.png HTTP/1.0" 200 3243 "http://bongbongtrangtri.com/templates/ot_naturalcosmetics/css/preset-style-1.css" "Mozilla/5.0 (Windows NT 6.1) AppleWebKit/537.36 (KHTML, like Gecko) Chrome/38.0.2125.111 Safari/537.36"
123.30.175.216 - - [17/Nov/2014:05:36:16 +0700] "GET /bong-bong-trang-tri-sinh-nhat/cong-chao-sinh-nhat/bong-bong-sinh-nh-t-018-detail/recommend?tmpl=component HTTP/1.0" 200 54635 "-" "Mozilla/5.0 (compatible; coccoc/1.0; +http://help.coccoc.com/)"
42.119.235.155 - - [17/Nov/2014:05:36:17 +0700] "GET /templates/ot_naturalcosmetics/favicon.ico HTTP/1.0" 200 3634 "-" "Mozilla/5.0 (Windows NT 6.1) AppleWebKit/537.36 (KHTML, like Gecko) Chrome/38.0.2125.111 Safari/537.36"
123.30.175.216 - - [17/Nov/2014:05:36:17 +0700] "GET /cong-bong-bong-tiec-cuoi/bong-bong-loi-di-tiec-cuoi/bong-bong-l-i-di-030-detail/recommend?tmpl=component HTTP/1.0" 200 54450 "-" "Mozilla/5.0 (compatible; coccoc/1.0; +http://help.coccoc.com/)"
123.30.175.216 - - [17/Nov/2014:05:36:19 +0700] "GET /bong-bong-trang-tri-event/bong-bong-san-khau-event/bong-bong-san-kh-u-011-detail/recommend?tmpl=component HTTP/1.0" 200 52163 "-" "Mozilla/5.0 (compatible; coccoc/1.0; +http://help.coccoc.com/)"
123.30.175.216 - - [17/Nov/2014:05:36:20 +0700] "GET /bong-bong-trang-tri-sinh-nhat/bong-bong-san-khau/bong-bong-sinh-nh-t-sk-002-detail/recommend?tmpl=component HTTP/1.0" 200 55054 "-" "Mozilla/5.0 (compatible; coccoc/1.0; +http://help.coccoc.com/)"
123.30.175.216 - - [17/Nov/2014:05:36:21 +0700] "GET /cong-bong-bong-tiec-cuoi/ban-ky-ten-tiec-cuoi/ban-ky-ten-ti-c-cu-i-007-detail/recommend?tmpl=component HTTP/1.0" 200 38936 "-" "Mozilla/5.0 (compatible; coccoc/1.0; +http://help.coccoc.com/)"
123.30.175.220 - - [17/Nov/2014:05:36:24 +0700] "GET /cong-bong-bong-tiec-cuoi/bong-bong-loi-di-tiec-cuoi/bong-bong-l-i-di-015-detail/recommend?tmpl=component HTTP/1.0" 200 54450 "-" "Mozilla/5.0 (compatible; coccoc/1.0; +http://help.coccoc.com/)"
123.30.175.220 - - [17/Nov/2014:05:36:25 +0700] "GET /cong-bong-bong-tiec-cuoi/bong-bong-san-khau-tiec-cuoi/bong-bong-san-kh-u-tc-003-detail/recommend?tmpl=component HTTP/1.0" 200 55302 "-" "Mozilla/5.0 (compatible; coccoc/1.0; +http://help.coccoc.com/)"
123.30.175.220 - - [17/Nov/2014:05:36:26 +0700] "GET /cong-bong-bong-tiec-cuoi/cong-bong-bong-tiec-cuoi/c-ng-bong-bong-011-detail/recommend?tmpl=component HTTP/1.0" 200 53646 "-" "Mozilla/5.0 (compatible; coccoc/1.0; +http://help.coccoc.com/)"
123.30.175.220 - - [17/Nov/2014:05:36:27 +0700] "GET /bong-bong-trang-tri-event/bong-bong-san-khau-event/bong-bong-san-kh-u-013-detail/recommend?tmpl=component HTTP/1.0" 200 52163 "-" "Mozilla/5.0 (compatible; coccoc/1.0; +http://help.coccoc.com/)"
123.30.175.220 - - [17/Nov/2014:05:36:28 +0700] "GET /bong-bong-trang-tri-event/bong-bong-san-khau-event/bong-bong-san-kh-u-016-detail/recommend?tmpl=component HTTP/1.0" 200 52163 "-" "Mozilla/5.0 (compatible; coccoc/1.0; +http://help.coccoc.com/)"
42.119.235.155 - - [17/Nov/2014:05:36:29 +0700] "GET /bong-bong-trang-tri-sinh-nhat/cong-chao-sinh-nhat/bong-bong-sinh-nh-t-031-hai-dang HTTP/1.0" 200 42003 "http://bongbongtrangtri.com/" "Mozilla/5.0 (Windows NT 6.1) AppleWebKit/537.36 (KHTML, like Gecko) Chrome/38.0.2125.111 Safari/537.36"
123.30.175.220 - - [17/Nov/2014:05:36:29 +0700] "GET /bong-bong-trang-tri-event/bong-bong-san-khau-event/bong-bong-san-kh-u-018-detail/recommend?tmpl=component HTTP/1.0" 200 52163 "-" "Mozilla/5.0 (compatible; coccoc/1.0; +http://help.coccoc.com/)"
42.119.235.155 - - [17/Nov/2014:05:36:30 +0700] "GET /media/system/css/modal.css HTTP/1.0" 200 2979 "http://bongbongtrangtri.com/bong-bong-trang-tri-sinh-nhat/cong-chao-sinh-nhat/bong-bong-sinh-nh-t-031-hai-dang" "Mozilla/5.0 (Windows NT 6.1) AppleWebKit/537.36 (KHTML, like Gecko) Chrome/38.0.2125.111 Safari/537.36"
42.119.235.155 - - [17/Nov/2014:05:36:30 +0700] "GET /components/com_virtuemart/assets/css/jquery.fancybox-1.3.4.css HTTP/1.0" 200 9351 "http://bongbongtrangtri.com/bong-bong-trang-tri-sinh-nhat/cong-chao-sinh-nhat/bong-bong-sinh-nh-t-031-hai-dang" "Mozilla/5.0 (Windows NT 6.1) AppleWebKit/537.36 (KHTML, like Gecko) Chrome/38.0.2125.111 Safari/537.36"
42.119.235.155 - - [17/Nov/2014:05:36:30 +0700] "GET /components/com_virtuemart/assets/js/jquery.noConflict.js HTTP/1.0" 200 20 "http://bongbongtrangtri.com/bong-bong-trang-tri-sinh-nhat/cong-chao-sinh-nhat/bong-bong-sinh-nh-t-031-hai-dang" "Mozilla/5.0 (Windows NT 6.1) AppleWebKit/537.36 (KHTML, like Gecko) Chrome/38.0.2125.111 Safari/537.36"
42.119.235.155 - - [17/Nov/2014:05:36:30 +0700] "GET /components/com_virtuemart/assets/js/vmsite.js HTTP/1.0" 200 3543 "http://bongbongtrangtri.com/bong-bong-trang-tri-sinh-nhat/cong-chao-sinh-nhat/bong-bong-sinh-nh-t-031-hai-dang" "Mozilla/5.0 (Windows NT 6.1) AppleWebKit/537.36 (KHTML, like Gecko) Chrome/38.0.2125.111 Safari/537.36"
42.119.235.155 - - [17/Nov/2014:05:36:30 +0700] "GET /components/com_virtuemart/assets/js/fancybox/jquery.fancybox-1.3.4.pack.js HTTP/1.0" 200 15624 "http://bongbongtrangtri.com/bong-bong-trang-tri-sinh-nhat/cong-chao-sinh-nhat/bong-bong-sinh-nh-t-031-hai-dang" "Mozilla/5.0 (Windows NT 6.1) AppleWebKit/537.36 (KHTML, like Gecko) Chrome/38.0.2125.111 Safari/537.36"
42.119.235.155 - - [17/Nov/2014:05:36:30 +0700] "GET /components/com_virtuemart/assets/js/vmprices.js HTTP/1.0" 200 5966 "http://bongbongtrangtri.com/bong-bong-trang-tri-sinh-nhat/cong-chao-sinh-nhat/bong-bong-sinh-nh-t-031-hai-dang" "Mozilla/5.0 (Windows NT 6.1) AppleWebKit/537.36 (KHTML, like Gecko) Chrome/38.0.2125.111 Safari/537.36"
42.119.235.155 - - [17/Nov/2014:05:36:30 +0700] "GET /media/system/js/modal.js HTTP/1.0" 200 9756 "http://bongbongtrangtri.com/bong-bong-trang-tri-sinh-nhat/cong-chao-sinh-nhat/bong-bong-sinh-nh-t-031-hai-dang" "Mozilla/5.0 (Windows NT 6.1) AppleWebKit/537.36 (KHTML, like Gecko) Chrome/38.0.2125.111 Safari/537.36"
42.119.235.155 - - [17/Nov/2014:05:36:30 +0700] "GET /media/system/images/emailButton.png HTTP/1.0" 200 277 "http://bongbongtrangtri.com/bong-bong-trang-tri-sinh-nhat/cong-chao-sinh-nhat/bong-bong-sinh-nh-t-031-hai-dang" "Mozilla/5.0 (Windows NT 6.1) AppleWebKit/537.36 (KHTML, like Gecko) Chrome/38.0.2125.111 Safari/537.36"
42.119.235.155 - - [17/Nov/2014:05:36:30 +0700] "GET /images/Bong%20Bng%20Sinh%20Nht%20029.jpg HTTP/1.0" 200 119974 "http://bongbongtrangtri.com/bong-bong-trang-tri-sinh-nhat/cong-chao-sinh-nhat/bong-bong-sinh-nh-t-031-hai-dang" "Mozilla/5.0 (Windows NT 6.1) AppleWebKit/537.36 (KHTML, like Gecko) Chrome/38.0.2125.111 Safari/537.36"
42.119.235.155 - - [17/Nov/2014:05:36:30 +0700] "GET /images/icon_m2.png HTTP/1.0" 200 742 "http://bongbongtrangtri.com/templates/ot_naturalcosmetics/css/template.css" "Mozilla/5.0 (Windows NT 6.1) AppleWebKit/537.36 (KHTML, like Gecko) Chrome/38.0.2125.111 Safari/537.36"
42.119.235.155 - - [17/Nov/2014:05:36:30 +0700] "GET /images/DSC00905.JPG HTTP/1.0" 200 171728 "http://bongbongtrangtri.com/bong-bong-trang-tri-sinh-nhat/cong-chao-sinh-nhat/bong-bong-sinh-nh-t-031-hai-dang" "Mozilla/5.0 (Windows NT 6.1) AppleWebKit/537.36 (KHTML, like Gecko) Chrome/38.0.2125.111 Safari/537.36"
42.119.235.155 - - [17/Nov/2014:05:36:30 +0700] "GET /images/DSC00813.JPG HTTP/1.0" 200 226477 "http://bongbongtrangtri.com/bong-bong-trang-tri-sinh-nhat/cong-chao-sinh-nhat/bong-bong-sinh-nh-t-031-hai-dang" "Mozilla/5.0 (Windows NT 6.1) AppleWebKit/537.36 (KHTML, like Gecko) Chrome/38.0.2125.111 Safari/537.36"
42.119.235.155 - - [17/Nov/2014:05:36:30 +0700] "GET /images/28-11-2013%203.jpg HTTP/1.0" 200 87841 "http://bongbongtrangtri.com/bong-bong-trang-tri-sinh-nhat/cong-chao-sinh-nhat/bong-bong-sinh-nh-t-031-hai-dang" "Mozilla/5.0 (Windows NT 6.1) AppleWebKit/537.36 (KHTML, like Gecko) Chrome/38.0.2125.111 Safari/537.36"
42.119.235.155 - - [17/Nov/2014:05:36:30 +0700] "GET /images/DSC00544.JPG HTTP/1.0" 200 161360 "http://bongbongtrangtri.com/bong-bong-trang-tri-sinh-nhat/cong-chao-sinh-nhat/bong-bong-sinh-nh-t-031-hai-dang" "Mozilla/5.0 (Windows NT 6.1) AppleWebKit/537.36 (KHTML, like Gecko) Chrome/38.0.2125.111 Safari/537.36"
42.119.235.155 - - [17/Nov/2014:05:36:30 +0700] "GET /images/DSC01135.JPG HTTP/1.0" 200 157674 "http://bongbongtrangtri.com/bong-bong-trang-tri-sinh-nhat/cong-chao-sinh-nhat/bong-bong-sinh-nh-t-031-hai-dang" "Mozilla/5.0 (Windows NT 6.1) AppleWebKit/537.36 (KHTML, like Gecko) Chrome/38.0.2125.111 Safari/537.36"
123.30.175.220 - - [17/Nov/2014:05:36:30 +0700] "GET /bong-bong-trang-tri-event/bong-bong-tao-chu/bong-bong-t-o-ch-002-detail/recommend?tmpl=component HTTP/1.0" 200 50163 "-" "Mozilla/5.0 (compatible; coccoc/1.0; +http://help.coccoc.com/)"
42.119.235.155 - - [17/Nov/2014:05:36:31 +0700] "GET /images/nhom-mua-thiu-nhi-001_400x400.jpg HTTP/1.0" 200 35625 "http://bongbongtrangtri.com/bong-bong-trang-tri-sinh-nhat/cong-chao-sinh-nhat/bong-bong-sinh-nh-t-031-hai-dang" "Mozilla/5.0 (Windows NT 6.1) AppleWebKit/537.36 (KHTML, like Gecko) Chrome/38.0.2125.111 Safari/537.36"
42.119.235.155 - - [17/Nov/2014:05:36:31 +0700] "GET /images/o-thut7_400x400.jpg HTTP/1.0" 200 32654 "http://bongbongtrangtri.com/bong-bong-trang-tri-sinh-nhat/cong-chao-sinh-nhat/bong-bong-sinh-nh-t-031-hai-dang" "Mozilla/5.0 (Windows NT 6.1) AppleWebKit/537.36 (KHTML, like Gecko) Chrome/38.0.2125.111 Safari/537.36"
42.119.235.155 - - [17/Nov/2014:05:36:31 +0700] "GET /images/Gmail.png HTTP/1.0" 200 173224 "http://bongbongtrangtri.com/bong-bong-trang-tri-sinh-nhat/cong-chao-sinh-nhat/bong-bong-sinh-nh-t-031-hai-dang" "Mozilla/5.0 (Windows NT 6.1) AppleWebKit/537.36 (KHTML, like Gecko) Chrome/38.0.2125.111 Safari/537.36"
42.119.235.155 - - [17/Nov/2014:05:36:32 +0700] "GET /images/images.jpg HTTP/1.0" 200 1377 "http://bongbongtrangtri.com/bong-bong-trang-tri-sinh-nhat/cong-chao-sinh-nhat/bong-bong-sinh-nh-t-031-hai-dang" "Mozilla/5.0 (Windows NT 6.1) AppleWebKit/537.36 (KHTML, like Gecko) Chrome/38.0.2125.111 Safari/537.36"
42.119.235.155 - - [17/Nov/2014:05:36:32 +0700] "GET /images/Facebook.jpg HTTP/1.0" 200 9988 "http://bongbongtrangtri.com/bong-bong-trang-tri-sinh-nhat/cong-chao-sinh-nhat/bong-bong-sinh-nh-t-031-hai-dang" "Mozilla/5.0 (Windows NT 6.1) AppleWebKit/537.36 (KHTML, like Gecko) Chrome/38.0.2125.111 Safari/537.36"
42.119.235.155 - - [17/Nov/2014:05:36:32 +0700] "GET /templates/ot_naturalcosmetics/images/arrow.png HTTP/1.0" 200 1016 "http://bongbongtrangtri.com/templates/ot_naturalcosmetics/css/preset-style-1.css" "Mozilla/5.0 (Windows NT 6.1) AppleWebKit/537.36 (KHTML, like Gecko) Chrome/38.0.2125.111 Safari/537.36"
123.30.175.220 - - [17/Nov/2014:05:36:31 +0700] "GET /bong-bong-trang-tri-event/bong-bong-trang-tri/bong-bong-trang-tri-023-detail/recommend?tmpl=component HTTP/1.0" 200 52950 "-" "Mozilla/5.0 (compatible; coccoc/1.0; +http://help.coccoc.com/)"
42.119.235.155 - - [17/Nov/2014:05:36:32 +0700] "GET /templates/ot_naturalcosmetics/images/vmgeneral/previous_16x16.png HTTP/1.0" 200 1394 "http://bongbongtrangtri.com/templates/ot_naturalcosmetics/css/vmsite-ltr.css" "Mozilla/5.0 (Windows NT 6.1) AppleWebKit/537.36 (KHTML, like Gecko) Chrome/38.0.2125.111 Safari/537.36"
42.119.235.155 - - [17/Nov/2014:05:36:32 +0700] "GET /templates/ot_naturalcosmetics/images/vmgeneral/next_16x16.png HTTP/1.0" 200 1407 "http://bongbongtrangtri.com/templates/ot_naturalcosmetics/css/vmsite-ltr.css" "Mozilla/5.0 (Windows NT 6.1) AppleWebKit/537.36 (KHTML, like Gecko) Chrome/38.0.2125.111 Safari/537.36"
42.119.235.155 - - [17/Nov/2014:05:36:32 +0700] "GET /templates/ot_naturalcosmetics/images/vmgeneral/backgrounds.png HTTP/1.0" 200 362 "http://bongbongtrangtri.com/templates/ot_naturalcosmetics/css/vmsite-ltr.css" "Mozilla/5.0 (Windows NT 6.1) AppleWebKit/537.36 (KHTML, like Gecko) Chrome/38.0.2125.111 Safari/537.36"
123.30.175.220 - - [17/Nov/2014:05:36:33 +0700] "GET /bong-bong-trang-tri-event/bong-bong-trang-tri/bong-bong-trang-tri-025-detail/recommend?tmpl=component HTTP/1.0" 200 52950 "-" "Mozilla/5.0 (compatible; coccoc/1.0; +http://help.coccoc.com/)"
123.30.175.220 - - [17/Nov/2014:05:36:34 +0700] "GET /bong-bong-trang-tri-event/bong-bong-trang-tri/bong-bong-trang-tri-027-detail/recommend?tmpl=component HTTP/1.0" 200 52950 "-" "Mozilla/5.0 (compatible; coccoc/1.0; +http://help.coccoc.com/)"
123.30.175.217 - - [17/Nov/2014:05:36:38 +0700] "GET /bong-bong-trang-tri-event/bong-bong-trang-tri/bong-bong-trang-tri-031-detail/recommend?tmpl=component HTTP/1.0" 200 52950 "-" "Mozilla/5.0 (compatible; coccoc/1.0; +http://help.coccoc.com/)"
123.30.175.217 - - [17/Nov/2014:05:36:39 +0700] "GET /bong-bong-trang-tri-event/buc-tuong-bong-bong/b-c-tu-ng-bong-bong-006-detail/recommend?tmpl=component HTTP/1.0" 200 50217 "-" "Mozilla/5.0 (compatible; coccoc/1.0; +http://help.coccoc.com/)"
123.30.175.217 - - [17/Nov/2014:05:36:40 +0700] "GET /bong-bong-trang-tri-event/buc-tuong-bong-bong/b-c-tu-ng-bong-bong-008-detail/recommend?tmpl=component HTTP/1.0" 200 50217 "-" "Mozilla/5.0 (compatible; coccoc/1.0; +http://help.coccoc.com/)"
123.30.175.217 - - [17/Nov/2014:05:36:41 +0700] "GET /bong-bong-trang-tri-event/buc-tuong-bong-bong/b-c-tu-ng-bong-bong-010-detail/recommend?tmpl=component HTTP/1.0" 200 50217 "-" "Mozilla/5.0 (compatible; coccoc/1.0; +http://help.coccoc.com/)"
123.30.175.217 - - [17/Nov/2014:05:36:42 +0700] "GET /bong-bong-trang-tri-event/buc-tuong-bong-bong/b-c-tu-ng-bong-bong-012-detail/recommend?tmpl=component HTTP/1.0" 200 50217 "-" "Mozilla/5.0 (compatible; coccoc/1.0; +http://help.coccoc.com/)"
66.249.77.208 - - [17/Nov/2014:05:36:42 +0700] "GET /bong-bong-trang-tri-event/buc-tuong-bong-bong/b-c-tu-ng-bong-bong-008-hai-dang/askquestion?tmpl=component HTTP/1.0" 200 8277 "-" "Mozilla/5.0 (compatible; Googlebot/2.1; +http://www.google.com/bot.html)"
123.30.175.217 - - [17/Nov/2014:05:36:43 +0700] "GET /bong-bong-trang-tri-event/buc-tuong-bong-bong/b-c-tu-ng-bong-bong-013-detail/recommend?tmpl=component HTTP/1.0" 200 50217 "-" "Mozilla/5.0 (compatible; coccoc/1.0; +http://help.coccoc.com/)"
123.30.175.217 - - [17/Nov/2014:05:36:44 +0700] "GET /bong-bong-trang-tri-event/buc-tuong-bong-bong/b-c-tu-ng-bong-bong-017-detail/recommend?tmpl=component HTTP/1.0" 200 50217 "-" "Mozilla/5.0 (compatible; coccoc/1.0; +http://help.coccoc.com/)"
123.30.175.217 - - [17/Nov/2014:05:36:45 +0700] "GET /bong-bong-trang-tri-event/buc-tuong-bong-bong/b-c-tu-ng-bong-bong-022-detail/recommend?tmpl=component HTTP/1.0" 200 50217 "-" "Mozilla/5.0 (compatible; coccoc/1.0; +http://help.coccoc.com/)"
123.30.175.217 - - [17/Nov/2014:05:36:46 +0700] "GET /bong-bong-trang-tri-event/buc-tuong-bong-bong/b-c-tu-ng-bong-bong-025-detail/recommend?tmpl=component HTTP/1.0" 200 50217 "-" "Mozilla/5.0 (compatible; coccoc/1.0; +http://help.coccoc.com/)"
123.30.175.217 - - [17/Nov/2014:05:36:47 +0700] "GET /bong-bong-trang-tri-event/buc-tuong-bong-bong/b-c-tu-ng-bong-bong-027-detail/recommend?tmpl=component HTTP/1.0" 200 50217 "-" "Mozilla/5.0 (compatible; coccoc/1.0; +http://help.coccoc.com/)"
123.30.175.222 - - [17/Nov/2014:05:36:49 +0700] "GET /bong-bong-trang-tri-event/buc-tuong-bong-bong/b-c-tu-ng-bong-bong-028-detail/recommend?tmpl=component HTTP/1.0" 200 50217 "-" "Mozilla/5.0 (compatible; coccoc/1.0; +http://help.coccoc.com/)"
123.30.175.222 - - [17/Nov/2014:05:36:50 +0700] "GET /bong-bong-trang-tri-event/buc-tuong-bong-bong/b-c-tu-ng-bong-bong-029-detail/recommend?tmpl=component HTTP/1.0" 200 50217 "-" "Mozilla/5.0 (compatible; coccoc/1.0; +http://help.coccoc.com/)"
123.30.175.222 - - [17/Nov/2014:05:36:51 +0700] "GET /bong-bong-trang-tri-event/cong-bong-bong-event/c-ng-bong-bong-even-002-detail/recommend?tmpl=component HTTP/1.0" 200 54234 "-" "Mozilla/5.0 (compatible; coccoc/1.0; +http://help.coccoc.com/)"
123.30.175.222 - - [17/Nov/2014:05:36:52 +0700] "GET /bong-bong-trang-tri-event/cong-bong-bong-event/c-ng-bong-bong-even-009-detail/recommend?tmpl=component HTTP/1.0" 200 54234 "-" "Mozilla/5.0 (compatible; coccoc/1.0; +http://help.coccoc.com/)"
123.30.175.222 - - [17/Nov/2014:05:36:53 +0700] "GET /bong-bong-trang-tri-event/cong-bong-bong-event/c-ng-bong-bong-even-011-detail/recommend?tmpl=component HTTP/1.0" 200 54234 "-" "Mozilla/5.0 (compatible; coccoc/1.0; +http://help.coccoc.com/)"
123.30.175.222 - - [17/Nov/2014:05:36:54 +0700] "GET /bong-bong-trang-tri-event/cong-bong-bong-event/c-ng-bong-bong-even-016-detail/recommend?tmpl=component HTTP/1.0" 200 54234 "-" "Mozilla/5.0 (compatible; coccoc/1.0; +http://help.coccoc.com/)"
123.30.175.222 - - [17/Nov/2014:05:36:55 +0700] "GET /bong-bong-trang-tri-event/cong-bong-bong-event/c-ng-bong-bong-event-021-detail/recommend?tmpl=component HTTP/1.0" 200 54235 "-" "Mozilla/5.0 (compatible; coccoc/1.0; +http://help.coccoc.com/)"
123.30.175.222 - - [17/Nov/2014:05:36:56 +0700] "GET /bong-bong-trang-tri-event/cong-bong-bong-event/c-ng-bong-bong-event-023-2013-12-12-detail/recommend?tmpl=component HTTP/1.0" 200 54246 "-" "Mozilla/5.0 (compatible; coccoc/1.0; +http://help.coccoc.com/)"
123.30.175.222 - - [17/Nov/2014:05:36:57 +0700] "GET /bong-bong-trang-tri-event/cong-bong-bong-event/c-ng-bong-bong-event-026-detail/recommend?tmpl=component HTTP/1.0" 200 54235 "-" "Mozilla/5.0 (compatible; coccoc/1.0; +http://help.coccoc.com/)"
123.30.175.222 - - [17/Nov/2014:05:36:58 +0700] "GET /bong-bong-trang-tri-event/cong-bong-bong-event/c-ng-bong-bong-event-031-detail/recommend?tmpl=component HTTP/1.0" 200 54235 "-" "Mozilla/5.0 (compatible; coccoc/1.0; +http://help.coccoc.com/)"
123.30.175.222 - - [17/Nov/2014:05:37:01 +0700] "GET /bong-bong-trang-tri-sinh-nhat/bong-bong-san-khau/bong-bong-sinh-nh-t-sk-017-detail/recommend?tmpl=component HTTP/1.0" 200 55054 "-" "Mozilla/5.0 (compatible; coccoc/1.0; +http://help.coccoc.com/)"
123.30.175.222 - - [17/Nov/2014:05:37:02 +0700] "GET /bong-bong-trang-tri-sinh-nhat/bong-bong-san-khau/bong-bong-sinh-nh-t-sk-019-detail/recommend?tmpl=component HTTP/1.0" 200 55054 "-" "Mozilla/5.0 (compatible; coccoc/1.0; +http://help.coccoc.com/)"
123.30.175.222 - - [17/Nov/2014:05:37:03 +0700] "GET /bong-bong-trang-tri-sinh-nhat/bong-bong-san-khau/bong-bong-sinh-nh-t-sk-020-detail/recommend?tmpl=component HTTP/1.0" 200 55054 "-" "Mozilla/5.0 (compatible; coccoc/1.0; +http://help.coccoc.com/)"
123.30.175.222 - - [17/Nov/2014:05:37:04 +0700] "GET /bong-bong-trang-tri-sinh-nhat/bong-bong-san-khau/bong-bong-sinh-nh-t-sk-022-detail/recommend?tmpl=component HTTP/1.0" 200 55054 "-" "Mozilla/5.0 (compatible; coccoc/1.0; +http://help.coccoc.com/)"
123.30.175.222 - - [17/Nov/2014:05:37:05 +0700] "GET /bong-bong-trang-tri-sinh-nhat/bong-bong-san-khau/bong-bong-sinh-nh-t-sk-025-detail/recommend?tmpl=component HTTP/1.0" 200 55054 "-" "Mozilla/5.0 (compatible; coccoc/1.0; +http://help.coccoc.com/)"
123.30.175.222 - - [17/Nov/2014:05:37:06 +0700] "GET /bong-bong-trang-tri-sinh-nhat/dich-vu-sinh-nhat/mascot-r-i-ngu-i-005-detail/recommend?tmpl=component HTTP/1.0" 200 54098 "-" "Mozilla/5.0 (compatible; coccoc/1.0; +http://help.coccoc.com/)"
123.30.175.222 - - [17/Nov/2014:05:37:07 +0700] "GET /cong-bong-bong-tiec-cuoi/ban-ky-ten-tiec-cuoi/ban-ky-ten-ti-c-cu-i-006-detail/recommend?tmpl=component HTTP/1.0" 200 38936 "-" "Mozilla/5.0 (compatible; coccoc/1.0; +http://help.coccoc.com/)"
42.119.235.155 - - [17/Nov/2014:05:37:08 +0700] "GET /cong-bong-bong-tiec-cuoi/bong-bong-loi-di-tiec-cuoi/bong-bong-l-i-di-003-hai-dang HTTP/1.0" 200 41764 "http://bongbongtrangtri.com/" "Mozilla/5.0 (Windows NT 6.1) AppleWebKit/537.36 (KHTML, like Gecko) Chrome/38.0.2125.111 Safari/537.36"
123.30.175.222 - - [17/Nov/2014:05:37:09 +0700] "GET /cong-bong-bong-tiec-cuoi/bong-bong-loi-di-tiec-cuoi/bong-bong-l-i-di-004-detail/recommend?tmpl=component HTTP/1.0" 200 54450 "-" "Mozilla/5.0 (compatible; coccoc/1.0; +http://help.coccoc.com/)"
42.119.235.155 - - [17/Nov/2014:05:37:09 +0700] "GET /images/Bong%20bng%20trang%20tr%20tic%20ci%20001.JPG HTTP/1.0" 200 168438 "http://bongbongtrangtri.com/cong-bong-bong-tiec-cuoi/bong-bong-loi-di-tiec-cuoi/bong-bong-l-i-di-003-hai-dang" "Mozilla/5.0 (Windows NT 6.1) AppleWebKit/537.36 (KHTML, like Gecko) Chrome/38.0.2125.111 Safari/537.36"
42.119.235.155 - - [17/Nov/2014:05:37:09 +0700] "GET /images/Bong%20bng%20trang%20tr%20tic%20ci%20002.JPG HTTP/1.0" 200 193467 "http://bongbongtrangtri.com/cong-bong-bong-tiec-cuoi/bong-bong-loi-di-tiec-cuoi/bong-bong-l-i-di-003-hai-dang" "Mozilla/5.0 (Windows NT 6.1) AppleWebKit/537.36 (KHTML, like Gecko) Chrome/38.0.2125.111 Safari/537.36"
42.119.235.155 - - [17/Nov/2014:05:37:09 +0700] "GET /images/Bong%20bng%20trang%20tr%20tic%20ci%20004.JPG HTTP/1.0" 200 145153 "http://bongbongtrangtri.com/cong-bong-bong-tiec-cuoi/bong-bong-loi-di-tiec-cuoi/bong-bong-l-i-di-003-hai-dang" "Mozilla/5.0 (Windows NT 6.1) AppleWebKit/537.36 (KHTML, like Gecko) Chrome/38.0.2125.111 Safari/537.36"
42.119.235.155 - - [17/Nov/2014:05:37:09 +0700] "GET /images/Bong%20bng%20trang%20tr%20tic%20ci%20003.JPG HTTP/1.0" 200 107527 "http://bongbongtrangtri.com/cong-bong-bong-tiec-cuoi/bong-bong-loi-di-tiec-cuoi/bong-bong-l-i-di-003-hai-dang" "Mozilla/5.0 (Windows NT 6.1) AppleWebKit/537.36 (KHTML, like Gecko) Chrome/38.0.2125.111 Safari/537.36"
42.119.235.155 - - [17/Nov/2014:05:37:09 +0700] "GET /images/Bong%20bng%20trang%20tr%20tic%20ci%20007.jpg HTTP/1.0" 200 126577 "http://bongbongtrangtri.com/cong-bong-bong-tiec-cuoi/bong-bong-loi-di-tiec-cuoi/bong-bong-l-i-di-003-hai-dang" "Mozilla/5.0 (Windows NT 6.1) AppleWebKit/537.36 (KHTML, like Gecko) Chrome/38.0.2125.111 Safari/537.36"
42.119.235.155 - - [17/Nov/2014:05:37:09 +0700] "GET /images/Bong%20bng%20trang%20tr%20tic%20ci%20005.JPG HTTP/1.0" 200 152446 "http://bongbongtrangtri.com/cong-bong-bong-tiec-cuoi/bong-bong-loi-di-tiec-cuoi/bong-bong-l-i-di-003-hai-dang" "Mozilla/5.0 (Windows NT 6.1) AppleWebKit/537.36 (KHTML, like Gecko) Chrome/38.0.2125.111 Safari/537.36"
123.30.175.222 - - [17/Nov/2014:05:37:10 +0700] "GET /cong-bong-bong-tiec-cuoi/bong-bong-loi-di-tiec-cuoi/bong-bong-l-i-di-009-detail/recommend?tmpl=component HTTP/1.0" 200 54450 "-" "Mozilla/5.0 (compatible; coccoc/1.0; +http://help.coccoc.com/)"
42.119.235.155 - - [17/Nov/2014:05:37:10 +0700] "GET /images/Bong%20bng%20trang%20tr%20tic%20ci%20006.JPG HTTP/1.0" 200 117608 "http://bongbongtrangtri.com/cong-bong-bong-tiec-cuoi/bong-bong-loi-di-tiec-cuoi/bong-bong-l-i-di-003-hai-dang" "Mozilla/5.0 (Windows NT 6.1) AppleWebKit/537.36 (KHTML, like Gecko) Chrome/38.0.2125.111 Safari/537.36"
123.30.175.222 - - [17/Nov/2014:05:37:11 +0700] "GET /cong-bong-bong-tiec-cuoi/bong-bong-loi-di-tiec-cuoi/bong-bong-l-i-di-014-detail/recommend?tmpl=component HTTP/1.0" 200 54450 "-" "Mozilla/5.0 (compatible; coccoc/1.0; +http://help.coccoc.com/)"
123.30.175.216 - - [17/Nov/2014:05:37:14 +0700] "GET /cong-bong-bong-tiec-cuoi/bong-bong-loi-di-tiec-cuoi/bong-bong-l-i-di-024-detail/recommend?tmpl=component HTTP/1.0" 200 54450 "-" "Mozilla/5.0 (compatible; coccoc/1.0; +http://help.coccoc.com/)"
123.30.175.216 - - [17/Nov/2014:05:37:15 +0700] "GET /cong-bong-bong-tiec-cuoi/bong-bong-san-khau-tiec-cuoi/bong-bong-san-kh-u-tc-009-detail/recommend?tmpl=component HTTP/1.0" 200 55302 "-" "Mozilla/5.0 (compatible; coccoc/1.0; +http://help.coccoc.com/)"
123.30.175.216 - - [17/Nov/2014:05:37:16 +0700] "GET /cong-bong-bong-tiec-cuoi/bong-bong-san-khau-tiec-cuoi/bong-bong-san-kh-u-tc-023-detail/recommend?tmpl=component HTTP/1.0" 200 55302 "-" "Mozilla/5.0 (compatible; coccoc/1.0; +http://help.coccoc.com/)"
123.30.175.216 - - [17/Nov/2014:05:37:18 +0700] "GET /cong-bong-bong-tiec-cuoi/bong-bong-san-khau-tiec-cuoi/bong-bong-san-kh-u-tc-026-detail/recommend?tmpl=component HTTP/1.0" 200 55302 "-" "Mozilla/5.0 (compatible; coccoc/1.0; +http://help.coccoc.com/)"
123.30.175.216 - - [17/Nov/2014:05:37:19 +0700] "GET /cong-bong-bong-tiec-cuoi/bong-bong-trang-tri-tc/bong-bong-trang-tri-tc-002-detail/recommend?tmpl=component HTTP/1.0" 200 46657 "-" "Mozilla/5.0 (compatible; coccoc/1.0; +http://help.coccoc.com/)"
123.30.175.216 - - [17/Nov/2014:05:37:20 +0700] "GET /cong-bong-bong-tiec-cuoi/bong-bong-trang-tri-tc/bong-bong-trang-tri-tc-004-detail/recommend?tmpl=component HTTP/1.0" 200 46657 "-" "Mozilla/5.0 (compatible; coccoc/1.0; +http://help.coccoc.com/)"
123.30.175.216 - - [17/Nov/2014:05:37:21 +0700] "GET /cong-bong-bong-tiec-cuoi/bong-bong-trang-tri-tc/bong-bong-trang-tri-tc-009-detail/recommend?tmpl=component HTTP/1.0" 200 46657 "-" "Mozilla/5.0 (compatible; coccoc/1.0; +http://help.coccoc.com/)"
1.54.106.64 - - [17/Nov/2014:05:37:21 +0700] "GET /bong-bong-trang-tri-sinh-nhat HTTP/1.0" 200 70515 "http://www.google.com.vn/url?sa=t&rct=j&q=trang%20tr%C3%AD%20bong%20b%C3%B3ng%20sinh%20nh%E1%BA%ADt&source=web&cd=6&ved=0CDMQFjAF&url=http%3A%2F%2Fwww.bongbongtrangtri.com%2Fbong-bong-trang-tri-sinh-nhat&ei=ECdpVNXYOqbZmAWQywE&usg=AFQjCNEJFAxqe7eBK9Fu79QoFbqkIoE4sg&sig2=LRYTHinjZVjQM06LAKSPbA&bvm=bv.79142246,d.dGY" "Mozilla/5.0 (Linux; U; Android 3.2; vi-vn; GT-P6800 Build/HTJ85B) AppleWebKit/534.13 (KHTML, like Gecko) Version/4.0 Safari/534.13"
1.54.106.64 - - [17/Nov/2014:05:37:22 +0700] "GET /components/com_k2/css/k2.css HTTP/1.0" 200 50808 "http://www.bongbongtrangtri.com/bong-bong-trang-tri-sinh-nhat" "Mozilla/5.0 (Linux; U; Android 3.2; vi-vn; GT-P6800 Build/HTJ85B) AppleWebKit/534.13 (KHTML, like Gecko) Version/4.0 Safari/534.13"
1.54.106.64 - - [17/Nov/2014:05:37:22 +0700] "GET /templates/ot_naturalcosmetics/css/vmsite-ltr.css HTTP/1.0" 200 25159 "http://www.bongbongtrangtri.com/bong-bong-trang-tri-sinh-nhat" "Mozilla/5.0 (Linux; U; Android 3.2; vi-vn; GT-P6800 Build/HTJ85B) AppleWebKit/534.13 (KHTML, like Gecko) Version/4.0 Safari/534.13"
1.54.106.64 - - [17/Nov/2014:05:37:22 +0700] "GET /components/com_virtuemart/assets/css/jquery.fancybox-1.3.4.css HTTP/1.0" 200 9351 "http://www.bongbongtrangtri.com/bong-bong-trang-tri-sinh-nhat" "Mozilla/5.0 (Linux; U; Android 3.2; vi-vn; GT-P6800 Build/HTJ85B) AppleWebKit/534.13 (KHTML, like Gecko) Version/4.0 Safari/534.13"
1.54.106.64 - - [17/Nov/2014:05:37:22 +0700] "GET /media/system/css/modal.css HTTP/1.0" 200 2979 "http://www.bongbongtrangtri.com/bong-bong-trang-tri-sinh-nhat" "Mozilla/5.0 (Linux; U; Android 3.2; vi-vn; GT-P6800 Build/HTJ85B) AppleWebKit/534.13 (KHTML, like Gecko) Version/4.0 Safari/534.13"
1.54.106.64 - - [17/Nov/2014:05:37:22 +0700] "GET /media/jui/css/bootstrap.min.css HTTP/1.0" 200 105968 "http://www.bongbongtrangtri.com/bong-bong-trang-tri-sinh-nhat" "Mozilla/5.0 (Linux; U; Android 3.2; vi-vn; GT-P6800 Build/HTJ85B) AppleWebKit/534.13 (KHTML, like Gecko) Version/4.0 Safari/534.13"
1.54.106.64 - - [17/Nov/2014:05:37:22 +0700] "GET /media/jui/css/bootstrap-responsive.min.css HTTP/1.0" 200 16828 "http://www.bongbongtrangtri.com/bong-bong-trang-tri-sinh-nhat" "Mozilla/5.0 (Linux; U; Android 3.2; vi-vn; GT-P6800 Build/HTJ85B) AppleWebKit/534.13 (KHTML, like Gecko) Version/4.0 Safari/534.13"
1.54.106.64 - - [17/Nov/2014:05:37:22 +0700] "GET /templates/ot_naturalcosmetics/css/template.css HTTP/1.0" 200 30601 "http://www.bongbongtrangtri.com/bong-bong-trang-tri-sinh-nhat" "Mozilla/5.0 (Linux; U; Android 3.2; vi-vn; GT-P6800 Build/HTJ85B) AppleWebKit/534.13 (KHTML, like Gecko) Version/4.0 Safari/534.13"
1.54.106.64 - - [17/Nov/2014:05:37:22 +0700] "GET /templates/ot_naturalcosmetics/css/preset-style-1.css HTTP/1.0" 200 30705 "http://www.bongbongtrangtri.com/bong-bong-trang-tri-sinh-nhat" "Mozilla/5.0 (Linux; U; Android 3.2; vi-vn; GT-P6800 Build/HTJ85B) AppleWebKit/534.13 (KHTML, like Gecko) Version/4.0 Safari/534.13"
1.54.106.64 - - [17/Nov/2014:05:37:22 +0700] "GET /templates/ot_naturalcosmetics/css/no-space.css HTTP/1.0" 200 2885 "http://www.bongbongtrangtri.com/bong-bong-trang-tri-sinh-nhat" "Mozilla/5.0 (Linux; U; Android 3.2; vi-vn; GT-P6800 Build/HTJ85B) AppleWebKit/534.13 (KHTML, like Gecko) Version/4.0 Safari/534.13"
1.54.106.64 - - [17/Nov/2014:05:37:22 +0700] "GET /plugins/system/omgshortcodes/assets/css/all.css HTTP/1.0" 200 3970 "http://www.bongbongtrangtri.com/bong-bong-trang-tri-sinh-nhat" "Mozilla/5.0 (Linux; U; Android 3.2; vi-vn; GT-P6800 Build/HTJ85B) AppleWebKit/534.13 (KHTML, like Gecko) Version/4.0 Safari/534.13"
1.54.106.64 - - [17/Nov/2014:05:37:22 +0700] "GET /modules/mod_omgmenu/css/omgmenu.css HTTP/1.0" 200 6267 "http://www.bongbongtrangtri.com/bong-bong-trang-tri-sinh-nhat" "Mozilla/5.0 (Linux; U; Android 3.2; vi-vn; GT-P6800 Build/HTJ85B) AppleWebKit/534.13 (KHTML, like Gecko) Version/4.0 Safari/534.13"
1.54.106.64 - - [17/Nov/2014:05:37:22 +0700] "GET /modules/mod_omgmenu/css/omgmenu_mobile.css HTTP/1.0" 200 4448 "http://www.bongbongtrangtri.com/bong-bong-trang-tri-sinh-nhat" "Mozilla/5.0 (Linux; U; Android 3.2; vi-vn; GT-P6800 Build/HTJ85B) AppleWebKit/534.13 (KHTML, like Gecko) Version/4.0 Safari/534.13"
1.54.106.64 - - [17/Nov/2014:05:37:22 +0700] "GET /media/system/js/mootools-core.js HTTP/1.0" 200 96888 "http://www.bongbongtrangtri.com/bong-bong-trang-tri-sinh-nhat" "Mozilla/5.0 (Linux; U; Android 3.2; vi-vn; GT-P6800 Build/HTJ85B) AppleWebKit/534.13 (KHTML, like Gecko) Version/4.0 Safari/534.13"
1.54.106.64 - - [17/Nov/2014:05:37:22 +0700] "GET /media/system/js/core.js HTTP/1.0" 200 4799 "http://www.bongbongtrangtri.com/bong-bong-trang-tri-sinh-nhat" "Mozilla/5.0 (Linux; U; Android 3.2; vi-vn; GT-P6800 Build/HTJ85B) AppleWebKit/534.13 (KHTML, like Gecko) Version/4.0 Safari/534.13"
1.54.106.64 - - [17/Nov/2014:05:37:22 +0700] "GET /components/com_k2/js/k2.js?v2.6.7&sitepath=/ HTTP/1.0" 200 8265 "http://www.bongbongtrangtri.com/bong-bong-trang-tri-sinh-nhat" "Mozilla/5.0 (Linux; U; Android 3.2; vi-vn; GT-P6800 Build/HTJ85B) AppleWebKit/534.13 (KHTML, like Gecko) Version/4.0 Safari/534.13"
1.54.106.64 - - [17/Nov/2014:05:37:22 +0700] "GET /media/jui/js/respond.min.js HTTP/1.0" 200 4047 "http://www.bongbongtrangtri.com/bong-bong-trang-tri-sinh-nhat" "Mozilla/5.0 (Linux; U; Android 3.2; vi-vn; GT-P6800 Build/HTJ85B) AppleWebKit/534.13 (KHTML, like Gecko) Version/4.0 Safari/534.13"
1.54.106.64 - - [17/Nov/2014:05:37:22 +0700] "GET /media/jui/js/jquery.min.js HTTP/1.0" 200 92795 "http://www.bongbongtrangtri.com/bong-bong-trang-tri-sinh-nhat" "Mozilla/5.0 (Linux; U; Android 3.2; vi-vn; GT-P6800 Build/HTJ85B) AppleWebKit/534.13 (KHTML, like Gecko) Version/4.0 Safari/534.13"
123.30.175.216 - - [17/Nov/2014:05:37:22 +0700] "GET /cong-bong-bong-tiec-cuoi/bong-bong-trang-tri-tc/bong-bong-trang-tri-tc-014-detail/recommend?tmpl=component HTTP/1.0" 200 46657 "-" "Mozilla/5.0 (compatible; coccoc/1.0; +http://help.coccoc.com/)"
1.54.106.64 - - [17/Nov/2014:05:37:23 +0700] "GET /media/jui/js/jquery-noconflict.js HTTP/1.0" 200 22 "http://www.bongbongtrangtri.com/bong-bong-trang-tri-sinh-nhat" "Mozilla/5.0 (Linux; U; Android 3.2; vi-vn; GT-P6800 Build/HTJ85B) AppleWebKit/534.13 (KHTML, like Gecko) Version/4.0 Safari/534.13"
1.54.106.64 - - [17/Nov/2014:05:37:23 +0700] "GET /media/jui/js/bootstrap.min.js HTTP/1.0" 200 28423 "http://www.bongbongtrangtri.com/bong-bong-trang-tri-sinh-nhat" "Mozilla/5.0 (Linux; U; Android 3.2; vi-vn; GT-P6800 Build/HTJ85B) AppleWebKit/534.13 (KHTML, like Gecko) Version/4.0 Safari/534.13"
1.54.106.64 - - [17/Nov/2014:05:37:23 +0700] "GET /components/com_virtuemart/assets/js/jquery.noConflict.js HTTP/1.0" 200 20 "http://www.bongbongtrangtri.com/bong-bong-trang-tri-sinh-nhat" "Mozilla/5.0 (Linux; U; Android 3.2; vi-vn; GT-P6800 Build/HTJ85B) AppleWebKit/534.13 (KHTML, like Gecko) Version/4.0 Safari/534.13"
1.54.106.64 - - [17/Nov/2014:05:37:23 +0700] "GET /components/com_virtuemart/assets/js/vmsite.js HTTP/1.0" 200 3543 "http://www.bongbongtrangtri.com/bong-bong-trang-tri-sinh-nhat" "Mozilla/5.0 (Linux; U; Android 3.2; vi-vn; GT-P6800 Build/HTJ85B) AppleWebKit/534.13 (KHTML, like Gecko) Version/4.0 Safari/534.13"
1.54.106.64 - - [17/Nov/2014:05:37:23 +0700] "GET /components/com_virtuemart/assets/js/fancybox/jquery.fancybox-1.3.4.pack.js HTTP/1.0" 200 15624 "http://www.bongbongtrangtri.com/bong-bong-trang-tri-sinh-nhat" "Mozilla/5.0 (Linux; U; Android 3.2; vi-vn; GT-P6800 Build/HTJ85B) AppleWebKit/534.13 (KHTML, like Gecko) Version/4.0 Safari/534.13"
1.54.106.64 - - [17/Nov/2014:05:37:23 +0700] "GET /components/com_virtuemart/assets/js/vmprices.js HTTP/1.0" 200 5966 "http://www.bongbongtrangtri.com/bong-bong-trang-tri-sinh-nhat" "Mozilla/5.0 (Linux; U; Android 3.2; vi-vn; GT-P6800 Build/HTJ85B) AppleWebKit/534.13 (KHTML, like Gecko) Version/4.0 Safari/534.13"
1.54.106.64 - - [17/Nov/2014:05:37:23 +0700] "GET /media/system/js/modal.js HTTP/1.0" 200 9756 "http://www.bongbongtrangtri.com/bong-bong-trang-tri-sinh-nhat" "Mozilla/5.0 (Linux; U; Android 3.2; vi-vn; GT-P6800 Build/HTJ85B) AppleWebKit/534.13 (KHTML, like Gecko) Version/4.0 Safari/534.13"
1.54.106.64 - - [17/Nov/2014:05:37:23 +0700] "GET /templates/ot_naturalcosmetics/js/otscript.js HTTP/1.0" 200 304 "http://www.bongbongtrangtri.com/bong-bong-trang-tri-sinh-nhat" "Mozilla/5.0 (Linux; U; Android 3.2; vi-vn; GT-P6800 Build/HTJ85B) AppleWebKit/534.13 (KHTML, like Gecko) Version/4.0 Safari/534.13"
1.54.106.64 - - [17/Nov/2014:05:37:23 +0700] "GET /plugins/system/omgshortcodes/assets/js/all.js HTTP/1.0" 200 17381 "http://www.bongbongtrangtri.com/bong-bong-trang-tri-sinh-nhat" "Mozilla/5.0 (Linux; U; Android 3.2; vi-vn; GT-P6800 Build/HTJ85B) AppleWebKit/534.13 (KHTML, like Gecko) Version/4.0 Safari/534.13"
1.54.106.64 - - [17/Nov/2014:05:37:23 +0700] "GET /modules/mod_omgmenu/js/omgmenu.jq.js HTTP/1.0" 200 6160 "http://www.bongbongtrangtri.com/bong-bong-trang-tri-sinh-nhat" "Mozilla/5.0 (Linux; U; Android 3.2; vi-vn; GT-P6800 Build/HTJ85B) AppleWebKit/534.13 (KHTML, like Gecko) Version/4.0 Safari/534.13"
123.30.175.216 - - [17/Nov/2014:05:37:23 +0700] "GET /cong-bong-bong-tiec-cuoi/bong-bong-trang-tri-tc/bong-bong-trang-tri-tc-016-detail/recommend?tmpl=component HTTP/1.0" 200 46657 "-" "Mozilla/5.0 (compatible; coccoc/1.0; +http://help.coccoc.com/)"
1.54.106.64 - - [17/Nov/2014:05:37:24 +0700] "GET /templates/ot_naturalcosmetics/images/apple-touch-icon-144x144-precomposed.png HTTP/1.0" 404 365 "-" "Mozilla/5.0 (Linux; U; Android 3.2; vi-vn; GT-P6800 Build/HTJ85B) AppleWebKit/534.13 (KHTML, like Gecko) Version/4.0 Safari/534.13"
123.30.175.216 - - [17/Nov/2014:05:37:24 +0700] "GET /cong-bong-bong-tiec-cuoi/bong-bong-trang-tri-tc/bong-bong-trang-tri-tc-018-detail/recommend?tmpl=component HTTP/1.0" 200 46657 "-" "Mozilla/5.0 (compatible; coccoc/1.0; +http://help.coccoc.com/)"
123.30.175.221 - - [17/Nov/2014:05:37:27 +0700] "GET /cong-bong-bong-tiec-cuoi/cong-bong-bong-tiec-cuoi/c-ng-bong-bong-009-detail/recommend?tmpl=component HTTP/1.0" 200 53646 "-" "Mozilla/5.0 (compatible; coccoc/1.0; +http://help.coccoc.com/)"
123.30.175.221 - - [17/Nov/2014:05:37:28 +0700] "GET /cong-bong-bong-tiec-cuoi/cong-bong-bong-tiec-cuoi/c-ng-bong-bong-022-detail/recommend?tmpl=component HTTP/1.0" 200 53646 "-" "Mozilla/5.0 (compatible; coccoc/1.0; +http://help.coccoc.com/)"
1.54.106.64 - - [17/Nov/2014:05:37:29 +0700] "GET /templates/ot_naturalcosmetics/images/body_bg.png HTTP/1.0" 200 1019 "http://www.bongbongtrangtri.com/bong-bong-trang-tri-sinh-nhat" "Mozilla/5.0 (Linux; U; Android 3.2; vi-vn; GT-P6800 Build/HTJ85B) AppleWebKit/534.13 (KHTML, like Gecko) Version/4.0 Safari/534.13"
1.54.106.64 - - [17/Nov/2014:05:37:29 +0700] "GET /templates/ot_naturalcosmetics/images/top_bg.png HTTP/1.0" 200 70960 "http://www.bongbongtrangtri.com/bong-bong-trang-tri-sinh-nhat" "Mozilla/5.0 (Linux; U; Android 3.2; vi-vn; GT-P6800 Build/HTJ85B) AppleWebKit/534.13 (KHTML, like Gecko) Version/4.0 Safari/534.13"
